>>> matrix_divided = __import__('2-matrix_divided').matrix_divided

============
 Edge Cases
============

>>> matrix_divided((1, 2), 1)
Traceback (most recent call last):
TypeError: matrix must be a matrix (list of lists) of integers/floats

>>> matrix_divided(None, 1)
Traceback (most recent call last):
TypeError: matrix must be a matrix (list of lists) of integers/floats

>>> matrix_divided(None)
Traceback (most recent call last):
TypeError: matrix must be a matrix (list of lists) of integers/floats

>>> matrix_divided()
Traceback (most recent call last):
TypeError: matrix must be a matrix (list of lists) of integers/floats

>>> matrix_divided([], 1)
Traceback (most recent call last):
TypeError: matrix must be a matrix (list of lists) of integers/floats

>>> matrix_divided({}, 1)
Traceback (most recent call last):
TypeError: matrix must be a matrix (list of lists) of integers/floats

>>> matrix_divided("holberton", 1)
Traceback (most recent call last):
TypeError: matrix must be a matrix (list of lists) of integers/floats

>>> matrix_divided("", 1)
Traceback (most recent call last):
TypeError: matrix must be a matrix (list of lists) of integers/floats

>>> matrix_divided([[9], [1, 2], [3, 4, 5]], 6)
Traceback (most recent call last):
TypeError: Each row of the matrix must have the same size

>>> matrix_divided([[], [1, 2], [4, 5, 6]], 7)
Traceback (most recent call last):
TypeError: Each row of the matrix must have the same size

>>> matrix_divided([[1], [1, 2]], 3)
Traceback (most recent call last):
TypeError: Each row of the matrix must have the same size

>>> matrix_divided([[1, 2, 3], [4, 5, 6], [7, 8, 9]], (1,))
Traceback (most recent call last):
TypeError: div must be a number

>>> matrix_divided([[1, 2, 3], [4, 5, 6], [7, 8, 9]], (,2)
Traceback (most recent call last):
TypeError: div must be a number

>>> matrix_divided([[1, 2, 3], [4, 5, 6], [7, 8, 9]], None)
Traceback (most recent call last):
TypeError: div must be a number

>>> matrix_divided([[1, 2, 3], [4, 5, 6], [7, 8, 9]], "hi")
Traceback (most recent call last):
TypeError: div must be a number

>>> matrix_divided([[1, 2, 3], [4, 5, 6], [7, 8, 9]], "")
Traceback (most recent call last):
TypeError: div must be a number

>>> matrix_divided([[1, 2, 3], [4, 5, 6], [7, 8, 9]], 0)
Traceback (most recent call last):
ZeroDivisionError: division by zero
